export const snapshot = {};

snapshot[`reactSvgPlugin > returns a React component when imported from jsx 1`] = `
\`// svg:/Users/joelmoss/dev/proscenium/test/internal/public/at.svg
import { cloneElement, Children } from "/node_modules/.pnpm/react@18.2.0/node_modules/react/index.js";
import { jsx } from "/node_modules/.pnpm/react@18.2.0/node_modules/react/jsx-runtime.js";
var svg = /* @__PURE__ */ jsx("svg", { "aria-hidden": "true", focusable: "false", "data-prefix": "far", "data-icon": "at", class: "svg-inline--fa fa-at fa-w-16", role: "img", xmlns: "http://www.w3.org/2000/svg", viewBox: "0 0 512 512", children: /* @__PURE__ */ jsx("path", { fill: "currentColor", d: "M504 232C504 95.751 394.053 8 256 8 118.94 8 8 118.919 8 256c0 137.059 110.919 248 248 248 52.926 0 104.681-17.079 147.096-48.321 5.501-4.052 6.423-11.924 2.095-17.211l-15.224-18.597c-4.055-4.954-11.249-5.803-16.428-2.041C339.547 442.517 298.238 456 256 456c-110.28 0-200-89.72-200-200S145.72 56 256 56c109.469 0 200 65.02 200 176 0 63.106-42.478 98.29-83.02 98.29-19.505 0-20.133-12.62-16.366-31.463l28.621-148.557c1.426-7.402-4.245-14.27-11.783-14.27h-39.175a12.005 12.005 0 0 0-11.784 9.735c-1.102 5.723-1.661 8.336-2.28 13.993-11.923-19.548-35.878-31.068-65.202-31.068C183.412 128.66 120 191.149 120 281.53c0 61.159 32.877 102.11 93.18 102.11 29.803 0 61.344-16.833 79.749-42.239 4.145 30.846 28.497 38.01 59.372 38.01C451.467 379.41 504 315.786 504 232zm-273.9 97.35c-28.472 0-45.47-19.458-45.47-52.05 0-57.514 39.56-93.41 74.61-93.41 30.12 0 45.471 21.532 45.471 51.58 0 46.864-33.177 93.88-74.611 93.88z" }) });
var props = { ...svg.props, className: svg.props.class };
delete props.class;
function At() {
  return /* @__PURE__ */ jsx("svg", { ...props, children: Children.only(svg.props.children) });
}
var at_default = At;

// url:https://icons.getbootstrap.com/assets/img/bootstrap.svg
var bootstrap_default = '<svg class="bi bi-bootstrap" width="20" height="20" viewBox="0 0 20 20" fill="currentColor" xmlns="http://www.w3.org/2000/svg">\\
  <path fill-rule="evenodd" d="M6.002 2h8a4 4 0 014 4v8a4 4 0 01-4 4h-8a4 4 0 01-4-4V6a4 4 0 014-4zm0 1.5a2.5 2.5 0 00-2.5 2.5v8a2.5 2.5 0 002.5 2.5h8a2.5 2.5 0 002.5-2.5V6a2.5 2.5 0 00-2.5-2.5h-8zM7.062 14h3.475c1.804 0 2.888-.908 2.888-2.396 0-1.102-.761-1.916-1.904-2.034v-.1c.832-.14 1.482-.93 1.482-1.816 0-1.3-.955-2.11-2.543-2.11H7.063V14zm1.313-4.875V6.658h1.78c.974 0 1.542.457 1.542 1.237 0 .802-.604 1.23-1.764 1.23H8.375zm0 3.762h1.898c1.184 0 1.81-.48 1.81-1.377 0-.885-.65-1.348-1.886-1.348H8.375v2.725z"/>\\
</svg>\\
';

// lib/svg/component.jsx
import { Fragment, jsx as jsx2, jsxs } from "/node_modules/.pnpm/react@18.2.0/node_modules/react/jsx-runtime.js";
var MyComponent = () => {
  return /* @__PURE__ */ jsxs(Fragment, { children: [
    /* @__PURE__ */ jsx2(at_default, {}),
    /* @__PURE__ */ jsx2(bootstrap_default, {})
  ] });
};
var component_default = MyComponent;
export {
  component_default as default
};
//# sourceMappingURL=component.jsx.map
\`
`;

snapshot[`reactSvgPlugin > supports import map 1`] = `
\`// svg:/Users/joelmoss/dev/proscenium/test/internal/public/at.svg
import { cloneElement, Children } from "/node_modules/.pnpm/react@18.2.0/node_modules/react/index.js";
import { jsx } from "/node_modules/.pnpm/react@18.2.0/node_modules/react/jsx-runtime.js";
var svg = /* @__PURE__ */ jsx("svg", { "aria-hidden": "true", focusable: "false", "data-prefix": "far", "data-icon": "at", class: "svg-inline--fa fa-at fa-w-16", role: "img", xmlns: "http://www.w3.org/2000/svg", viewBox: "0 0 512 512", children: /* @__PURE__ */ jsx("path", { fill: "currentColor", d: "M504 232C504 95.751 394.053 8 256 8 118.94 8 8 118.919 8 256c0 137.059 110.919 248 248 248 52.926 0 104.681-17.079 147.096-48.321 5.501-4.052 6.423-11.924 2.095-17.211l-15.224-18.597c-4.055-4.954-11.249-5.803-16.428-2.041C339.547 442.517 298.238 456 256 456c-110.28 0-200-89.72-200-200S145.72 56 256 56c109.469 0 200 65.02 200 176 0 63.106-42.478 98.29-83.02 98.29-19.505 0-20.133-12.62-16.366-31.463l28.621-148.557c1.426-7.402-4.245-14.27-11.783-14.27h-39.175a12.005 12.005 0 0 0-11.784 9.735c-1.102 5.723-1.661 8.336-2.28 13.993-11.923-19.548-35.878-31.068-65.202-31.068C183.412 128.66 120 191.149 120 281.53c0 61.159 32.877 102.11 93.18 102.11 29.803 0 61.344-16.833 79.749-42.239 4.145 30.846 28.497 38.01 59.372 38.01C451.467 379.41 504 315.786 504 232zm-273.9 97.35c-28.472 0-45.47-19.458-45.47-52.05 0-57.514 39.56-93.41 74.61-93.41 30.12 0 45.471 21.532 45.471 51.58 0 46.864-33.177 93.88-74.611 93.88z" }) });
var props = { ...svg.props, className: svg.props.class };
delete props.class;
function At() {
  return /* @__PURE__ */ jsx("svg", { ...props, children: Children.only(svg.props.children) });
}
var at_default = At;

// url:https://icons.getbootstrap.com/assets/img/bootstrap.svg
var bootstrap_default = '<svg class="bi bi-bootstrap" width="20" height="20" viewBox="0 0 20 20" fill="currentColor" xmlns="http://www.w3.org/2000/svg">\\
  <path fill-rule="evenodd" d="M6.002 2h8a4 4 0 014 4v8a4 4 0 01-4 4h-8a4 4 0 01-4-4V6a4 4 0 014-4zm0 1.5a2.5 2.5 0 00-2.5 2.5v8a2.5 2.5 0 002.5 2.5h8a2.5 2.5 0 002.5-2.5V6a2.5 2.5 0 00-2.5-2.5h-8zM7.062 14h3.475c1.804 0 2.888-.908 2.888-2.396 0-1.102-.761-1.916-1.904-2.034v-.1c.832-.14 1.482-.93 1.482-1.816 0-1.3-.955-2.11-2.543-2.11H7.063V14zm1.313-4.875V6.658h1.78c.974 0 1.542.457 1.542 1.237 0 .802-.604 1.23-1.764 1.23H8.375zm0 3.762h1.898c1.184 0 1.81-.48 1.81-1.377 0-.885-.65-1.348-1.886-1.348H8.375v2.725z"/>\\
</svg>\\
';

// lib/svg/with_import_map.jsx
import { Fragment, jsx as jsx2, jsxs } from "/node_modules/.pnpm/react@18.2.0/node_modules/react/jsx-runtime.js";
var MyComponent = () => {
  return /* @__PURE__ */ jsxs(Fragment, { children: [
    /* @__PURE__ */ jsx2(at_default, {}),
    /* @__PURE__ */ jsx2(bootstrap_default, {})
  ] });
};
var with_import_map_default = MyComponent;
export {
  with_import_map_default as default
};
//# sourceMappingURL=with_import_map.jsx.map
\`
`;
