
[TestCssPlugin/build_CSS - 1]
/* lib/foo.css */
body {
  color: red;
  & h1 {
    color: blue;
  }
}

---
